C51 COMPILER V9.54   IR                                                                    09/28/2020 21:25:54 PAGE 1   


C51 COMPILER V9.54, COMPILATION OF MODULE IR
OBJECT MODULE PLACED IN .\Objects\ir.obj
COMPILER INVOKED BY: D:\Program Files\Keil\Keil C51 v9.54\C51\BIN\C51.EXE ir.c OPTIMIZE(8,SPEED) BROWSE DEBUG OBJECTEXTE
                    -ND PRINT(.\Listings\ir.lst) TABS(2) OBJECT(.\Objects\ir.obj)

line level    source

   1          #include <stdio.h>
   2          #include "reg52.h"
   3          #include "ir.h"
   4          
   5          void TimeInit() {
   6   1        TMOD = 0x01;    // set mode T1
   7   1        TH0  = TimeTH0; // set interval 10ms
   8   1        TL0  = TimeTL0;
   9   1        TR0  = 1;     // launch timer
  10   1      }
  11          
  12          int IsNegedge(bit cur, bit prev) {
  13   1        int res = 0;
  14   1        if(prev && !cur) res = 1;
  15   1        return res;
  16   1      }
  17          
  18          int IsPosedge(bit cur, bit prev) {
  19   1        int res = 0;
  20   1        if(!prev && cur) res = 1;
  21   1        return res;
  22   1      }
  23          
  24          int FlowOverclockAlert(int flow) {
  25   1        return 0;
  26   1      }
*** WARNING C280 IN LINE 24 OF ir.c: 'flow': unreferenced local variable
  27          


MODULE INFORMATION:   STATIC OVERLAYABLE
   CODE SIZE        =     42    ----
   CONSTANT SIZE    =   ----    ----
   XDATA SIZE       =   ----    ----
   PDATA SIZE       =   ----    ----
   DATA SIZE        =   ----       2
   IDATA SIZE       =   ----    ----
   BIT SIZE         =   ----       4
END OF MODULE INFORMATION.


C51 COMPILATION COMPLETE.  1 WARNING(S),  0 ERROR(S)
